// Jest Snapshot v1, https://goo.gl/fbAQLP

exports[`snapshot test 1`] = `
{
  "Parameters": {
    "BootstrapVersion": {
      "Default": "/cdk-bootstrap/hnb659fds/version",
      "Description": "Version of the CDK Bootstrap resources in this environment, automatically retrieved from SSM Parameter Store. [cdk:skip]",
      "Type": "AWS::SSM::Parameter::Value<String>",
    },
  },
  "Resources": {
    "CertificateCertificateRequestorFunction5E845413": {
      "DependsOn": [
        "CertificateCertificateRequestorFunctionServiceRoleDefaultPolicy3C8845BC",
        "CertificateCertificateRequestorFunctionServiceRoleC04C13DA",
      ],
      "Properties": {
        "Code": {
          "S3Bucket": {
            "Fn::Sub": "cdk-hnb659fds-assets-\${AWS::AccountId}-ap-northeast-1",
          },
          "S3Key": "[HASH REMOVED]",
        },
        "Handler": "index.certificateRequestHandler",
        "Role": {
          "Fn::GetAtt": [
            "CertificateCertificateRequestorFunctionServiceRoleC04C13DA",
            "Arn",
          ],
        },
        "Runtime": "nodejs14.x",
        "Timeout": 900,
      },
      "Type": "AWS::Lambda::Function",
    },
    "CertificateCertificateRequestorFunctionServiceRoleC04C13DA": {
      "Properties": {
        "AssumeRolePolicyDocument": {
          "Statement": [
            {
              "Action": "sts:AssumeRole",
              "Effect": "Allow",
              "Principal": {
                "Service": "lambda.amazonaws.com",
              },
            },
          ],
          "Version": "2012-10-17",
        },
        "ManagedPolicyArns": [
          {
            "Fn::Join": [
              "",
              [
                "arn:",
                {
                  "Ref": "AWS::Partition",
                },
                ":iam::aws:policy/service-role/AWSLambdaBasicExecutionRole",
              ],
            ],
          },
        ],
      },
      "Type": "AWS::IAM::Role",
    },
    "CertificateCertificateRequestorFunctionServiceRoleDefaultPolicy3C8845BC": {
      "Properties": {
        "PolicyDocument": {
          "Statement": [
            {
              "Action": [
                "acm:RequestCertificate",
                "acm:DescribeCertificate",
                "acm:DeleteCertificate",
                "acm:AddTagsToCertificate",
              ],
              "Effect": "Allow",
              "Resource": "*",
            },
            {
              "Action": "route53:GetChange",
              "Effect": "Allow",
              "Resource": "*",
            },
            {
              "Action": "route53:changeResourceRecordSets",
              "Condition": {
                "ForAllValues:StringEquals": {
                  "route53:ChangeResourceRecordSetsActions": [
                    "UPSERT",
                  ],
                  "route53:ChangeResourceRecordSetsRecordTypes": [
                    "CNAME",
                  ],
                },
                "ForAllValues:StringLike": {
                  "route53:ChangeResourceRecordSetsNormalizedRecordNames": [
                    "*.api.test.cloudnativedays.jp",
                  ],
                },
              },
              "Effect": "Allow",
              "Resource": {
                "Fn::Join": [
                  "",
                  [
                    "arn:",
                    {
                      "Ref": "AWS::Partition",
                    },
                    ":route53:::hostedzone/Z0898116244TOPT4X7AGI",
                  ],
                ],
              },
            },
          ],
          "Version": "2012-10-17",
        },
        "PolicyName": "CertificateCertificateRequestorFunctionServiceRoleDefaultPolicy3C8845BC",
        "Roles": [
          {
            "Ref": "CertificateCertificateRequestorFunctionServiceRoleC04C13DA",
          },
        ],
      },
      "Type": "AWS::IAM::Policy",
    },
    "CertificateCertificateRequestorResource2890C6B7": {
      "DeletionPolicy": "Delete",
      "Properties": {
        "DomainName": "api.test.cloudnativedays.jp",
        "HostedZoneId": "Z0898116244TOPT4X7AGI",
        "ServiceToken": {
          "Fn::GetAtt": [
            "CertificateCertificateRequestorFunction5E845413",
            "Arn",
          ],
        },
      },
      "Type": "AWS::CloudFormation::CustomResource",
      "UpdateReplacePolicy": "Delete",
    },
  },
  "Rules": {
    "CheckBootstrapVersion": {
      "Assertions": [
        {
          "Assert": {
            "Fn::Not": [
              {
                "Fn::Contains": [
                  [
                    "1",
                    "2",
                    "3",
                    "4",
                    "5",
                  ],
                  {
                    "Ref": "BootstrapVersion",
                  },
                ],
              },
            ],
          },
          "AssertDescription": "CDK bootstrap stack version 6 required. Please run 'cdk bootstrap' with a recent version of the CDK CLI.",
        },
      ],
    },
  },
}
`;
